200 independent turns = 2 questions x 4 harnesses x 5 dates x k2=5
  [ 10/200] latest react      hockey_usa  02-08 r0 -> 0.20  (113s)
  [ 20/200] latest react      hockey_usa  02-20 r2 -> 0.52  (173s)
  [ 30/200] latest futuresim  hockey_usa  01-14 r4 -> 0.16  (244s)
  [ 40/200] latest futuresim  hockey_usa  02-15 r0 -> 0.06  (340s)
  [ 50/200] latest futuresim  hockey_usa  02-20 r2 -> 0.08  (512s)
  [ 60/200] latest analytica  hockey_usa  01-28 r4 -> 0.55  (637s)
  [ 70/200] latest analytica  hockey_usa  02-15 r4 -> 0.34  (788s)
  [ 80/200] latest bayesian   hockey_usa  01-28 r0 -> 0.19  (898s)
  [ 90/200] latest bayesian   hockey_usa  02-15 r2 -> 0.10  (969s)
  [100/200] latest bayesian   hockey_usa  02-20 r4 -> 0.45  (1040s)
  [110/200] latest react      hockey_can  02-08 r0 -> 0.28  (1122s)
  [120/200] latest react      hockey_can  02-15 r4 -> 0.27  (1174s)
  [130/200] latest futuresim  hockey_can  01-28 r1 -> 0.40  (1246s)
  [140/200] latest futuresim  hockey_can  02-08 r4 -> 0.48  (1324s)
  [150/200] latest futuresim  hockey_can  02-20 r4 -> 0.51  (1398s)
  [160/200] latest analytica  hockey_can  01-28 r3 -> 0.22  (1525s)
  [170/200] latest analytica  hockey_can  02-20 r1 -> 0.38  (1651s)
  [180/200] latest bayesian   hockey_can  01-14 r4 -> 0.50  (1723s)
  [190/200] latest bayesian   hockey_can  02-15 r0 -> 0.48  (1835s)
  [200/200] latest bayesian   hockey_can  02-20 r2 -> 0.60  (1934s)
wrote results\exp1\e1_independent.jsonl (200/200 turns, 1934s)
