24 top-up sequential runs (samples 2-4)
  [ 1/24] react      hockey_usa  s3  0.19 0.18 0.20 0.18 0.21  (319s)
  [ 2/24] react      hockey_usa  s2  0.17 0.20 0.21 0.21 0.46  (320s)
  [ 3/24] react      hockey_usa  s4  0.15 0.12 0.11 0.16 0.26  (329s)
  [ 4/24] futuresim  hockey_usa  s2  0.09 0.13 0.14 0.14 0.19  (370s)
  [ 5/24] futuresim  hockey_usa  s3  0.11 0.09 0.06 0.07 0.04  (379s)
  [ 6/24] futuresim  hockey_usa  s4  0.23 0.12 0.09 0.10 0.19  (393s)
  [ 7/24] analytica  hockey_usa  s3  0.25 0.24 0.16 0.23 0.21  (486s)
  [ 8/24] analytica  hockey_usa  s2  0.39 0.16 0.40 0.16 0.35  (519s)
  [ 9/24] bayesian   hockey_usa  s3  0.23 0.22 0.22 0.22 0.37  (629s)
  [10/24] bayesian   hockey_usa  s2  0.15 0.15 0.18 0.16 0.30  (642s)
  [11/24] bayesian   hockey_usa  s4  0.36 0.29 0.31 0.32 0.50  (672s)
  [12/24] react      hockey_can  s2  0.24 0.29 0.28 0.34 0.32  (675s)
  [13/24] react      hockey_can  s3  0.21 0.26 0.27 0.33 0.34  (708s)
  [14/24] react      hockey_can  s4  0.34 0.36 0.34 0.37 0.47  (771s)
  [15/24] analytica  hockey_usa  s4  0.15 0.19 0.19 0.20 0.21  (860s)
  [16/24] futuresim  hockey_can  s2  0.58 0.63 0.60 0.67 0.59  (864s)
  [17/24] futuresim  hockey_can  s4  0.62 0.63 0.62 0.63 0.62  (968s)
  [18/24] futuresim  hockey_can  s3  0.56 0.54 0.55 0.57 0.66  (982s)
  [19/24] analytica  hockey_can  s3  0.31 0.43 0.47 0.53 0.55  (1062s)
  [20/24] bayesian   hockey_can  s2  0.39 0.44 0.35 0.46 0.65  (1083s)
  [21/24] analytica  hockey_can  s2  0.33 0.35 0.63 0.60 0.50  (1088s)
  [22/24] bayesian   hockey_can  s4  0.41 0.44 0.42 0.52 0.54  (1120s)
  [23/24] bayesian   hockey_can  s3  0.39 0.44 0.40 0.54 0.54  (1166s)
  [24/24] analytica  hockey_can  s4  0.21 0.22 0.22 0.26 0.26  (1175s)
done
