==============================================================================
1. VARIABLE TRAJECTORIES -- the belief in its discovered coordinates
==============================================================================

  analytica/hockey_can
    variable                                       01-14  01-28  02-08  02-15  02-20   (per date: mean over samples)
    base_forecast_probability                       0.50   0.49   0.50   0.43   0.43
    canada_roster_quality_probability               0.79   0.99   0.92   0.68   0.36  <- moved 0.62
    nhl_participation_probability                   0.72   0.96   0.74   0.50   0.50  <- moved 0.46
    competition_strength_favorability_probability   0.45   0.22   0.55   0.55   0.50  <- moved 0.33
    health_availability_probability                 0.91   0.70   0.93   0.62   0.55  <- moved 0.38
    tournament_variance_favorability_probability    0.55   0.42   0.62   0.50   0.50  <- moved 0.20
    reach_final_probability                         0.55   0.50   0.57   0.53   0.75  <- moved 0.25
    win_final_given_final_probability               0.53   0.50   0.53   0.57   0.46
    (actual forecast)                               0.49   0.49   0.35   0.43   0.53   <- the forecast itself

  analytica/hockey_usa
    variable                                       01-14  01-28  02-08  02-15  02-20   (per date: mean over samples)
    p_nhl_participation                             0.98   0.99   1.00   1.00   1.00
    p_usa_elite_roster_or_top_contender             0.89   0.77   0.90   0.68   1.00  <- moved 0.32
    p_no_major_disruption_or_good_health            0.93   0.93   0.75   0.88   1.00  <- moved 0.25
    p_usa_reach_final                               0.72   0.72   0.72   0.68   1.00  <- moved 0.32
    p_usa_win_final_given_reach                     0.34   0.72   0.34   0.23   0.72  <- moved 0.49
    p_stronger_opponent_or_canada_favorite          0.50   0.62   0.60   0.50   1.00  <- moved 0.50
    tournament_variance_probability                 0.50   0.50   0.65   0.50   0.50  <- moved 0.15
    (actual forecast)                               0.18   0.18   0.16   0.17   0.46   <- the forecast itself

  bayesian/hockey_can
    variable                                       01-14  01-28  02-08  02-15  02-20   (per date: mean over samples)
    prior_probability_canada_gold                   0.32   0.46   0.45   0.40   0.62  <- moved 0.30
    prior_odds_canada_gold                          0.48   0.88   0.83   0.68   1.68  <- moved 1.20
    likelihood_ratio_roster_strength                3.00   1.00   1.00   1.00   1.00  <- moved 2.00
    likelihood_ratio_injuries_availability          1.00   0.70   0.70   1.02   0.50  <- moved 0.52
    likelihood_ratio_opposition_strength            0.59   1.07   1.00   1.00   1.00  <- moved 0.48
    likelihood_ratio_venue_logistics                1.05   1.00   1.00   1.00   1.00
    likelihood_ratio_tournament_variance            0.85   1.00   1.00   1.00   1.00
    likelihood_ratio_recent_performance_signal      1.25   1.34   1.00   1.75   1.00  <- moved 0.75
    likelihood_ratio_bracket_progress_signal        1.00   1.00   1.00   1.40   2.24  <- moved 1.24
    likelihood_ratio_other_news_signal              1.00   1.00   1.15   1.07   0.85  <- moved 0.30
    likelihood_ratio_product                        1.79   0.99   0.81   2.72   0.97  <- moved 1.91
    (actual forecast)                               0.46   0.45   0.40   0.62   0.60   <- the forecast itself

  bayesian/hockey_usa
    variable                                       01-14  01-28  02-08  02-15  02-20   (per date: mean over samples)
    prior_probability_usa_gold                      0.19   0.23   0.18   0.22   0.27
    prior_odds_usa_gold                             0.23   0.30   0.22   0.29   0.38  <- moved 0.15
    lr_roster_strength_positive                     1.50   1.07   1.15   1.00   1.00  <- moved 0.50
    lr_opponent_canada_strength                     0.65   1.00   1.29   0.70   0.66  <- moved 0.64
    lr_injury_and_replacements                      1.00   0.69   1.00   1.01   1.00  <- moved 0.32
    lr_recent_game_results                          1.12   1.00   1.00   1.77   2.90  <- moved 1.90
    lr_nhl_participation_logistics                  1.12   1.05   1.01   1.00   1.00
    lr_venue_or_media_sentiment                     1.00   0.97   0.90   1.00   1.00
    lr_total_product                                1.26   0.75   1.33   1.28   1.91  <- moved 1.16
    posterior_odds_usa_gold                         0.30   0.22   0.29   0.38   0.72  <- moved 0.49
    (actual forecast)                               0.23   0.18   0.22   0.27   0.41   <- the forecast itself

  futuresim/hockey_can
    variable                                       01-14  01-28  02-08  02-15  02-20   (per date: mean over samples)
    base_rate_canada_gold_nhl_bestonbest            0.60   0.60   0.60   0.60   0.60  <- FIXED
    adjustment_canada_roster_star_power             0.13   0.10   0.07   0.06   0.04
    adjustment_usa_rival_strength                  -0.08  -0.07  -0.03  -0.08  -0.04
    adjustment_goaltending_net                      0.01   0.01  -0.04   0.03   0.02
    adjustment_venue_and_nhl_participation_risk    -0.01   0.01   0.03   0.01   0.00
    adjustment_opponent_field_depth                -0.01   0.00  -0.01   0.00   0.00
    adjustment_single_elimination_variance         -0.06  -0.06  -0.01  -0.03   0.00
    adjustment_recent_form_and_results              0.00   0.00   0.01   0.06   0.09
    adjustment_injuries_and_roster_churn            0.00  -0.01  -0.01  -0.01  -0.02
    prior_forecast_probability                      0.60   0.58   0.59   0.61   0.63
    (actual forecast)                               0.56   0.59   0.62   0.63   0.63   <- the forecast itself

  futuresim/hockey_usa
    variable                                       01-14  01-28  02-08  02-15  02-20   (per date: mean over samples)
    base_rate_usa_gold                              0.15   0.15   0.20   0.20   0.20
    adj_nhl_participation                           0.10   0.02   0.01   0.00   0.00
    adj_usa_roster_strength                         0.11   0.09   0.07   0.06   0.08
    adj_usa_team_chemistry                          0.07   0.01   0.02   0.03   0.00
    adj_usa_goaltending                             0.01   0.04   0.00  -0.01   0.00
    adj_usa_injury_seth_jones                      -0.01  -0.03  -0.03  -0.03  -0.03
    adj_canada_strength                            -0.08  -0.09  -0.06  -0.08  -0.07
    adj_tournament_format_variance                 -0.03  -0.01  -0.01  -0.01  -0.01
    adj_other_risks_and_field_strength             -0.02  -0.02  -0.02  -0.01   0.00
    previous_forecast_probability                   0.00   0.12   0.00   0.12   0.20  <- moved 0.20
    interval_lower_bound                            0.06   0.04   0.00   0.05   0.12
    interval_upper_bound                            0.07   0.10   0.00   0.06   0.30  <- moved 0.30
    (actual forecast)                               0.27   0.17   0.20   0.20   0.20   <- the forecast itself

  react/hockey_can
    variable                                       01-14  01-28  02-08  02-15  02-20   (per date: mean over samples)
    tournament_team_count                          12.00   0.00   6.00  12.00   0.00  <- moved 12.00
    prior_win_probability                           0.08   0.25   0.29   0.32   0.35  <- moved 0.27
    adj_roster_quality                              0.28   0.06   0.03   0.06   0.00  <- moved 0.28
    adj_rivals_strength                            -0.09  -0.03  -0.01  -0.02   0.00
    adj_tournament_variance_structure              -0.09  -0.01  -0.01  -0.03   0.00
    adj_injuries_availability                      -0.01  -0.01  -0.01  -0.03   0.00
    adj_momentum_leadership_form                    0.10   0.01   0.01   0.04   0.00
    adj_venue_logistics                            -0.01   0.00   0.00   0.00   0.00
    adj_goaltending_uncertainty                    -0.03   0.00  -0.01   0.00   0.00
    adj_misc_other                                 -0.01   0.01   0.01   0.00   0.00
    roster_size_players                             0.00  25.00  25.00  12.50   0.00  <- moved 25.00
    roster_continuity_players                       0.00  19.00   9.50   0.00   0.00  <- moved 19.00
    notable_injuries_or_replacements_count          0.00   0.00   2.00   0.00   0.00  <- moved 2.00
    (actual forecast)                               0.25   0.29   0.32   0.35   0.40   <- the forecast itself

==============================================================================
2a. RESIDUAL OVER TIME -- signed program-minus-actual per date
==============================================================================
  analytica/hockey_can     -0.09  -0.15  +0.20  -0.29  -0.43   |resid| drift first->last +0.338
  analytica/hockey_usa     -0.03  +0.19  -0.02  -0.07  +0.08   |resid| drift first->last +0.046
  bayesian/hockey_can         --     --     --     --     --
  bayesian/hockey_usa      -0.02  +0.02  -0.02  -0.02  -0.06   |resid| drift first->last +0.047
  futuresim/hockey_can     +0.03  -0.01  -0.02  -0.01  +0.03   |resid| drift first->last -0.007
  futuresim/hockey_usa     -0.08  +0.02  -0.01  -0.04  -0.01   |resid| drift first->last -0.070
  react/hockey_can         -0.17  -0.03  -0.03  -0.02  -0.05   |resid| drift first->last -0.117

==============================================================================
3. SENSITIVITY -- which coordinate the conclusion hinges on
==============================================================================

  analytica/hockey_can
    nhl_participation_probability                  dF per nudge = 0.038
    base_forecast_probability                      dF per nudge = 0.036
    tournament_variance_favorability_probability   dF per nudge = 0.026
    competition_strength_favorability_probability  dF per nudge = 0.023
    win_final_given_final_probability              dF per nudge = 0.021

  analytica/hockey_usa
    p_usa_reach_final                              dF per nudge = 0.025
    p_usa_win_final_given_reach                    dF per nudge = 0.025
    p_nhl_participation                            dF per nudge = 0.011
    p_no_major_disruption_or_good_health           dF per nudge = 0.011
    p_usa_elite_roster_or_top_contender            dF per nudge = 0.011

  bayesian/hockey_can

  bayesian/hockey_usa
    prior_probability_usa_gold                     dF per nudge = 0.011
    prior_odds_usa_gold                            dF per nudge = 0.010
    lr_venue_or_media_sentiment                    dF per nudge = 0.010
    lr_nhl_participation_logistics                 dF per nudge = 0.010
    lr_roster_strength_positive                    dF per nudge = 0.010
    inert in the program: lr_total_product, posterior_odds_usa_gold

  futuresim/hockey_can
    prior_forecast_probability                     dF per nudge = 0.030
    base_rate_canada_gold_nhl_bestonbest           dF per nudge = 0.030
    adjustment_canada_roster_star_power            dF per nudge = 0.010
    adjustment_usa_rival_strength                  dF per nudge = 0.010
    adjustment_goaltending_net                     dF per nudge = 0.010

  futuresim/hockey_usa
    interval_upper_bound                           dF per nudge = 0.043
    previous_forecast_probability                  dF per nudge = 0.028
    base_rate_usa_gold                             dF per nudge = 0.012
    adj_nhl_participation                          dF per nudge = 0.012
    adj_usa_roster_strength                        dF per nudge = 0.012
    inert in the program: interval_lower_bound

  react/hockey_can
    prior_win_probability                          dF per nudge = 0.028
    adj_roster_quality                             dF per nudge = 0.001
    adj_rivals_strength                            dF per nudge = 0.001
    adj_injuries_availability                      dF per nudge = 0.001
    adj_momentum_leadership_form                   dF per nudge = 0.001

==============================================================================
4. PROGRAM DISTANCE -- full-fit vs sample-0-trained theory
   (cross-harness distance undefined: schemas differ; not computed)
==============================================================================
  analytica/hockey_can     d(full, oos-trained) = 0.3906 over binding box (400 ok/400), 0.4167 on observed bindings
  analytica/hockey_usa     d(full, oos-trained) = 0.1443 over binding box (400 ok/400), 0.1196 on observed bindings
  bayesian/hockey_usa      d(full, oos-trained) = 0.0439 over binding box (400 ok/400), 0.0095 on observed bindings
  futuresim/hockey_can     d(full, oos-trained) = 0.0000 over binding box (400 ok/400), 0.0000 on observed bindings
  futuresim/hockey_usa     d(full, oos-trained) = 0.0152 over binding box (400 ok/400), 0.0820 on observed bindings
  react/hockey_can         d(full, oos-trained) = 0.1736 over binding box (400 ok/400), 0.0963 on observed bindings

2b. TEMPORAL HOLDOUT -- early theory, late days (synthesised fresh, hardened rules, copies excluded)
  analytica/hockey_can     early-fit MAE 0.5204 -> late-days MAE 0.3349  (drift -0.185)
  analytica/hockey_usa     early-fit MAE 0.0730 -> late-days MAE 0.2854  (drift +0.212)
  bayesian/hockey_can      early-fit MAE 0.0003 -> late-days MAE 0.0021  (drift +0.002)
  bayesian/hockey_usa      early-fit MAE 0.0005 -> late-days MAE 0.0034  (drift +0.003)
  futuresim/hockey_can     early-fit MAE 0.0146 -> late-days MAE 0.0212  (drift +0.007)
  futuresim/hockey_usa     early-fit MAE 0.0508 -> late-days MAE 0.0317  (drift -0.019)
  react/hockey_can         early-fit MAE 0.0443 -> late-days MAE 0.0463  (drift +0.002)
  react/hockey_usa         early-fit MAE 0.2517 -> late-days MAE 0.4871  (drift +0.235)

wrote results\exp1\beliefdyn.json
